// Jest Snapshot v1, https://goo.gl/fbAQLP

exports[`Pruebas en <AddCategory/> debe mostrarse correctamente 1`] = `
<Fragment>
  <form
    onSubmit={[Function]}
  >
    <p />
    <input
      onChange={[Function]}
      type="text"
      value=""
    />
  </form>
</Fragment>
`;
